// Jest Snapshot v1, https://goo.gl/fbAQLP

exports[`QrScanner Tests renders correctly 1`] = `ShallowWrapper {}`;
